[demo.opencart.com/index.html]
[backblue.gif]
[fade.gif]
[index.html]
[demo.opencart.com/catalog/view/javascript/jquery/jquery-2.1.1.min.js]
[demo.opencart.com/catalog/view/javascript/bootstrap/css/bootstrap.min.css]
[demo.opencart.com/catalog/view/javascript/bootstrap/js/bootstrap.min.js]
[demo.opencart.com/catalog/view/javascript/font-awesome/css/font-awesome.min.css]
[demo.opencart.com/catalog/view/theme/default/stylesheet/stylesheet.css]
[demo.opencart.com/catalog/view/javascript/jquery/swiper/css/swiper.min.css]
[demo.opencart.com/catalog/view/javascript/jquery/swiper/css/opencart.css]
[demo.opencart.com/catalog/view/javascript/jquery/swiper/js/swiper.jquery.js]
[demo.opencart.com/catalog/view/javascript/common.js]
[demo.opencart.com/image/catalog/cart.png]
[demo.opencart.com/index2724.html]
[demo.opencart.com/indexe223.html]
[demo.opencart.com/index5502.html]
[demo.opencart.com/index630e.html]
[demo.opencart.com/index9328.html]
[demo.opencart.com/index98dc.html]
[demo.opencart.com/indexd9fe.html]
[demo.opencart.com/indexf345.html]
[demo.opencart.com/index7fa3.html]
[demo.opencart.com/index9f41.html]
[demo.opencart.com/index8470.html]
[demo.opencart.com/index1647.html]
[demo.opencart.com/indexc219.html]
[demo.opencart.com/indexe177.html]
[demo.opencart.com/index68a7.html]
[demo.opencart.com/indexf3db.html]
[demo.opencart.com/index955a.html]
[demo.opencart.com/index70a9.html]
[demo.opencart.com/indexb152.html]
[demo.opencart.com/indexc957.html]
[demo.opencart.com/index68ea.html]
[demo.opencart.com/index8122.html]
[demo.opencart.com/index22d5.html]
[demo.opencart.com/indexa632.html]
[demo.opencart.com/index509a.html]
[demo.opencart.com/index7e21.html]
[demo.opencart.com/index0e62.html]
[demo.opencart.com/indexf762.html]
[demo.opencart.com/index6f52.html]
[demo.opencart.com/indexbe11.html]
[demo.opencart.com/indexb234.html]
[demo.opencart.com/indexcd03.html]
[demo.opencart.com/index000c.html]
[demo.opencart.com/indexfee0.html]
[demo.opencart.com/indexd86f.html]
[demo.opencart.com/index9716.html]
[demo.opencart.com/index2bab.html]
[demo.opencart.com/index6493.html]
[demo.opencart.com/index7fe6.html]
[demo.opencart.com/indexd7cc.html]
[demo.opencart.com/image/cache/catalog/demo/banners/iPhone6-1140x380.jpg]
[demo.opencart.com/image/cache/catalog/demo/banners/MacBookAir-1140x380.jpg]
[demo.opencart.com/indexedcd.html]
[demo.opencart.com/image/cache/catalog/demo/macbook_1-200x200.jpg]
[demo.opencart.com/indexb8ca.html]
[demo.opencart.com/image/cache/catalog/demo/iphone_1-200x200.jpg]
[demo.opencart.com/index9144.html]
[demo.opencart.com/image/cache/catalog/demo/apple_cinema_30-200x200.jpg]
[demo.opencart.com/indexbb02.html]
[demo.opencart.com/image/cache/catalog/demo/canon_eos_5d_1-200x200.jpg]
[demo.opencart.com/indexf073.html]
[demo.opencart.com/image/cache/catalog/demo/manufacturer/nfl-130x100.png]
[demo.opencart.com/image/cache/catalog/demo/manufacturer/redbull-130x100.png]
[demo.opencart.com/image/cache/catalog/demo/manufacturer/sony-130x100.png]
[demo.opencart.com/image/cache/catalog/demo/manufacturer/cocacola-130x100.png]
[demo.opencart.com/image/cache/catalog/demo/manufacturer/burgerking-130x100.png]
[demo.opencart.com/image/cache/catalog/demo/manufacturer/canon-130x100.png]
[demo.opencart.com/image/cache/catalog/demo/manufacturer/harley-130x100.png]
[demo.opencart.com/image/cache/catalog/demo/manufacturer/dell-130x100.png]
[demo.opencart.com/image/cache/catalog/demo/manufacturer/disney-130x100.png]
[demo.opencart.com/image/cache/catalog/demo/manufacturer/starbucks-130x100.png]
[demo.opencart.com/image/cache/catalog/demo/manufacturer/nintendo-130x100.png]
[demo.opencart.com/index8816.html]
[demo.opencart.com/index1766.html]
[demo.opencart.com/index1679.html]
[demo.opencart.com/index99e4.html]
[demo.opencart.com/index71ba.html]
[demo.opencart.com/index7cb2.html]
[demo.opencart.com/indexd773.html]
[demo.opencart.com/index4dd2.html]
[demo.opencart.com/index3d18.html]
[demo.opencart.com/indexf110.html]
[demo.opencart.com/index.html]
[demo.opencart.com/catalog/view/javascript/bootstrap/fonts/glyphicons-halflings-regular.eot]
[demo.opencart.com/catalog/view/javascript/bootstrap/fonts/glyphicons-halflings-regulard41d.eot]
[demo.opencart.com/catalog/view/javascript/bootstrap/fonts/glyphicons-halflings-regular.woff]
[demo.opencart.com/catalog/view/javascript/bootstrap/fonts/glyphicons-halflings-regular.ttf]
[demo.opencart.com/catalog/view/javascript/bootstrap/css/bootstrap.min.css]
[demo.opencart.com/catalog/view/javascript/bootstrap/fonts/glyphicons-halflings-regular.svg]
[demo.opencart.com/catalog/view/javascript/font-awesome/fonts/fontawesome-webfont3e6e.eot]
[demo.opencart.com/catalog/view/javascript/font-awesome/fonts/fontawesome-webfontd41d.eot]
[demo.opencart.com/catalog/view/javascript/font-awesome/fonts/fontawesome-webfont3e6e.woff]
[demo.opencart.com/catalog/view/javascript/font-awesome/fonts/fontawesome-webfont3e6e.ttf]
[demo.opencart.com/catalog/view/javascript/font-awesome/css/font-awesome.min.css]
[demo.opencart.com/catalog/view/theme/default/stylesheet/stylesheet.css]
[demo.opencart.com/catalog/view/javascript/jquery/swiper/css/swiper.min.css]
[demo.opencart.com/catalog/view/javascript/jquery/swiper/css/opencart.css]
[demo.opencart.com/catalog/view/javascript/font-awesome/fonts/fontawesome-webfont3e6e.svg]
[demo.opencart.com/index2724.html]
[demo.opencart.com/indexacda.html]
[demo.opencart.com/indexe223.html]
[demo.opencart.com/catalog/view/javascript/jquery/datetimepicker/bootstrap-datetimepicker.min.css]
[demo.opencart.com/catalog/view/javascript/jquery/datetimepicker/moment/moment.min.js]
[demo.opencart.com/catalog/view/javascript/jquery/datetimepicker/moment/moment-with-locales.min.js]
[demo.opencart.com/catalog/view/javascript/jquery/datetimepicker/bootstrap-datetimepicker.min.js]
[demo.opencart.com/index11ee.html]
[demo.opencart.com/index5502.html]
[demo.opencart.com/index630e.html]
[demo.opencart.com/index9328.html]
[demo.opencart.com/indexe69c.html]
[demo.opencart.com/image/cache/catalog/demo/compaq_presario-182x182.jpg]
[demo.opencart.com/image/cache/catalog/demo/compaq_presario-80x80.jpg]
[demo.opencart.com/index6431.html]
[demo.opencart.com/index9a01.html]
[demo.opencart.com/index5b66.html]
[demo.opencart.com/index6bd7.html]
[demo.opencart.com/indexa03c.html]
[demo.opencart.com/index9a4f.html]
[demo.opencart.com/indexb953.html]
[demo.opencart.com/indexa5ae.html]
[demo.opencart.com/index8e93.html]
[demo.opencart.com/index9c6c.html]
[demo.opencart.com/index0f50.html]
[demo.opencart.com/indexf053.html]
[demo.opencart.com/index545c.html]
[demo.opencart.com/image/cache/catalog/demo/apple_cinema_30-228x228.jpg]
[demo.opencart.com/indexebf3.html]
[demo.opencart.com/image/cache/catalog/demo/canon_eos_5d_1-228x228.jpg]
[demo.opencart.com/index8bbb.html]
[demo.opencart.com/image/cache/catalog/demo/hp_1-228x228.jpg]
[demo.opencart.com/index6f63.html]
[demo.opencart.com/image/cache/catalog/demo/htc_touch_hd_1-228x228.jpg]
[demo.opencart.com/index17bf.html]
[demo.opencart.com/image/cache/catalog/demo/iphone_1-228x228.jpg]
[demo.opencart.com/index9bb0.html]
[demo.opencart.com/image/cache/catalog/demo/ipod_classic_1-228x228.jpg]
[demo.opencart.com/indexccba.html]
[demo.opencart.com/index4f81.html]
[demo.opencart.com/image/cache/catalog/demo/macbook_1-228x228.jpg]
[demo.opencart.com/image/cache/catalog/demo/macbook_air_1-228x228.jpg]
[demo.opencart.com/index3f41.html]
[demo.opencart.com/image/cache/catalog/demo/palm_treo_pro_1-228x228.jpg]
[demo.opencart.com/index8d24.html]
[demo.opencart.com/image/cache/placeholder-228x228.png]
[demo.opencart.com/indexf470.html]
[demo.opencart.com/image/cache/catalog/demo/samsung_syncmaster_941bw-228x228.jpg]
[demo.opencart.com/indexce1a.html]
[demo.opencart.com/image/cache/catalog/demo/sony_vaio_1-228x228.jpg]
[demo.opencart.com/index3569.html]
[demo.opencart.com/index98dc.html]
[demo.opencart.com/index608e.html]
[demo.opencart.com/indexd9fe.html]
[demo.opencart.com/index0027.html]
[demo.opencart.com/index322c.html]
[demo.opencart.com/index17cb.html]
[demo.opencart.com/indexeaa1.html]
[demo.opencart.com/indexa792.html]
[demo.opencart.com/index4c89.html]
[demo.opencart.com/index81a0.html]
[demo.opencart.com/indexb92e.html]
[demo.opencart.com/indexd723.html]
[demo.opencart.com/index2793.html]
[demo.opencart.com/index26fd.html]
[demo.opencart.com/index6cd5.html]
[demo.opencart.com/indexaad3.html]
[demo.opencart.com/indexf451.html]
[demo.opencart.com/image/cache/catalog/demo/imac_1-228x228.jpg]
[demo.opencart.com/indexf345.html]
[demo.opencart.com/image/cache/catalog/demo/hp_2-80x80.jpg]
[demo.opencart.com/index7e38.html]
[demo.opencart.com/indexbd7a.html]
[demo.opencart.com/indexfe17.html]
[demo.opencart.com/index909f.html]
[demo.opencart.com/index887a.html]
[demo.opencart.com/indexa01b.html]
[demo.opencart.com/indexe404.html]
[demo.opencart.com/index610b.html]
[demo.opencart.com/index73a0.html]
[demo.opencart.com/indexb9aa.html]
[demo.opencart.com/index841b.html]
[demo.opencart.com/indexeb49.html]
[demo.opencart.com/indexd992.html]
[demo.opencart.com/index20fd.html]
[demo.opencart.com/index4928.html]
[demo.opencart.com/image/cache/catalog/demo/macbook_pro_1-228x228.jpg]
[demo.opencart.com/indexab06.html]
[demo.opencart.com/index859f.html]
[demo.opencart.com/index7fa3.html]
[demo.opencart.com/index01ec.html]
[demo.opencart.com/index9f41.html]
[demo.opencart.com/indexfc82.html]
[demo.opencart.com/index8470.html]
[demo.opencart.com/index1647.html]
[demo.opencart.com/index8cc5.html]
[demo.opencart.com/indexc219.html]
[demo.opencart.com/index13cb.html]
[demo.opencart.com/index0b4e.html]
[demo.opencart.com/index6d46.html]
[demo.opencart.com/index7704.html]
[demo.opencart.com/indexfe1a.html]
[demo.opencart.com/indexa6aa.html]
[demo.opencart.com/indexb92f.html]
[demo.opencart.com/index9848.html]
[demo.opencart.com/index205c.html]
[demo.opencart.com/index4309.html]
[demo.opencart.com/index0c60.html]
[demo.opencart.com/index5fb4.html]
[demo.opencart.com/indexc3cf.html]
[demo.opencart.com/index63c2.html]
[demo.opencart.com/index0a37.html]
[demo.opencart.com/indexa161.html]
[demo.opencart.com/indexcc0e.html]
[demo.opencart.com/indexe177.html]
[demo.opencart.com/indexc262.html]
[demo.opencart.com/index68a7.html]
[demo.opencart.com/index8e1e.html]
[demo.opencart.com/indexf3db.html]
[demo.opencart.com/index103d.html]
[demo.opencart.com/index955a.html]
[demo.opencart.com/index02c4.html]
[demo.opencart.com/indexc9f9.html]
[demo.opencart.com/index78cd.html]
[demo.opencart.com/indexcd20.html]
[demo.opencart.com/indexb6c0.html]
[demo.opencart.com/index840b.html]
[demo.opencart.com/index8743.html]
[demo.opencart.com/index84c9.html]
[demo.opencart.com/index740e.html]
[demo.opencart.com/index4088.html]
[demo.opencart.com/index32a5.html]
[demo.opencart.com/image/cache/catalog/demo/samsung_tab_1-228x228.jpg]
[demo.opencart.com/index0313.html]
[demo.opencart.com/index70a9.html]
[demo.opencart.com/indexb152.html]
[demo.opencart.com/index74e5.html]
[demo.opencart.com/indexfe47.html]
[demo.opencart.com/indexe9dd.html]
[demo.opencart.com/index231d.html]
[demo.opencart.com/index3578.html]
[demo.opencart.com/index0c37.html]
[demo.opencart.com/index56d8.html]
[demo.opencart.com/index4d71.html]
[demo.opencart.com/index1411.html]
[demo.opencart.com/index4440.html]
[demo.opencart.com/index084e.html]
[demo.opencart.com/indexbd8e.html]
[demo.opencart.com/indexd592.html]
[demo.opencart.com/indexdce4.html]
[demo.opencart.com/index8b28.html]
[demo.opencart.com/indexc957.html]
[demo.opencart.com/index6de0.html]
[demo.opencart.com/index9921.html]
[demo.opencart.com/index80bb.html]
[demo.opencart.com/index9e37.html]
[demo.opencart.com/index6d0a.html]
[demo.opencart.com/index170e.html]
[demo.opencart.com/index2be6.html]
[demo.opencart.com/indexbffb.html]
[demo.opencart.com/indexfb67.html]
[demo.opencart.com/index9f88.html]
[demo.opencart.com/indexc5ab.html]
[demo.opencart.com/index1e3e.html]
[demo.opencart.com/indexbd00.html]
[demo.opencart.com/image/cache/catalog/demo/nikon_d300_1-228x228.jpg]
[demo.opencart.com/index9566.html]
[demo.opencart.com/index68ea.html]
[demo.opencart.com/image/cache/catalog/demo/ipod_touch_4-80x80.jpg]
[demo.opencart.com/indexcf68.html]
[demo.opencart.com/indexad85.html]
[demo.opencart.com/index4306.html]
[demo.opencart.com/indexea99.html]
[demo.opencart.com/index5b3d.html]
[demo.opencart.com/indexc601.html]
[demo.opencart.com/indexcfe5.html]
[demo.opencart.com/indexfafa.html]
[demo.opencart.com/indexeae6.html]
[demo.opencart.com/index69a0.html]
[demo.opencart.com/index1800.html]
[demo.opencart.com/index0ec1.html]
[demo.opencart.com/indexd467.html]
[demo.opencart.com/image/cache/catalog/demo/ipod_nano_1-228x228.jpg]
[demo.opencart.com/indexf175.html]
[demo.opencart.com/image/cache/catalog/demo/ipod_shuffle_1-228x228.jpg]
[demo.opencart.com/index28a2.html]
[demo.opencart.com/image/cache/catalog/demo/ipod_touch_1-228x228.jpg]
[demo.opencart.com/index0f4d.html]
[demo.opencart.com/index8122.html]
[demo.opencart.com/indexb329.html]
[demo.opencart.com/index22d5.html]
[demo.opencart.com/index714c.html]
[demo.opencart.com/indexa632.html]
[demo.opencart.com/indexb9b4.html]
[demo.opencart.com/index509a.html]
[demo.opencart.com/index81cb.html]
[demo.opencart.com/index7e21.html]
[demo.opencart.com/index81d2.html]
[demo.opencart.com/index0e62.html]
[demo.opencart.com/indexd056.html]
[demo.opencart.com/indexf762.html]
[demo.opencart.com/index4516.html]
[demo.opencart.com/index6f52.html]
[demo.opencart.com/indexc7ff.html]
[demo.opencart.com/indexcc97.html]
[demo.opencart.com/indexbe11.html]
[demo.opencart.com/indexccf6.html]
[demo.opencart.com/indexb234.html]
[demo.opencart.com/indexccd5.html]
[demo.opencart.com/indexcd03.html]
[demo.opencart.com/index2f71.html]
[demo.opencart.com/index000c.html]
[demo.opencart.com/index0217.html]
[demo.opencart.com/indexfee0.html]
[demo.opencart.com/indexdf98.html]
[demo.opencart.com/indexd86f.html]
[demo.opencart.com/indexef58.html]
[demo.opencart.com/index9716.html]
[demo.opencart.com/index2f6c.html]
[demo.opencart.com/index2bab.html]
[demo.opencart.com/index3765.html]
[demo.opencart.com/index6493.html]
[demo.opencart.com/index286f.html]
[demo.opencart.com/index7fe6.html]
[demo.opencart.com/indexabf4.html]
[demo.opencart.com/indexd7cc.html]
[demo.opencart.com/catalog/view/javascript/jquery/magnific/magnific-popup.css]
[demo.opencart.com/catalog/view/javascript/jquery/magnific/jquery.magnific-popup.min.js]
[demo.opencart.com/index3d7a.html]
[demo.opencart.com/image/cache/catalog/demo/samsung_tab_1-500x500.jpg]
[demo.opencart.com/image/cache/catalog/demo/samsung_tab_7-500x500.jpg]
[demo.opencart.com/image/cache/catalog/demo/samsung_tab_7-74x74.jpg]
[demo.opencart.com/image/cache/catalog/demo/samsung_tab_6-500x500.jpg]
[demo.opencart.com/image/cache/catalog/demo/samsung_tab_6-74x74.jpg]
[demo.opencart.com/image/cache/catalog/demo/samsung_tab_5-500x500.jpg]
[demo.opencart.com/image/cache/catalog/demo/samsung_tab_5-74x74.jpg]
[demo.opencart.com/image/cache/catalog/demo/samsung_tab_4-500x500.jpg]
[demo.opencart.com/image/cache/catalog/demo/samsung_tab_4-74x74.jpg]
[demo.opencart.com/image/cache/catalog/demo/samsung_tab_3-500x500.jpg]
[demo.opencart.com/image/cache/catalog/demo/samsung_tab_3-74x74.jpg]
[demo.opencart.com/image/cache/catalog/demo/samsung_tab_2-500x500.jpg]
[demo.opencart.com/image/cache/catalog/demo/samsung_tab_2-74x74.jpg]
[demo.opencart.com/indexa4c1.html]
[s7.addthis.com/js/300/addthis_widget.js]
[demo.opencart.com/indexedcd.html]
[demo.opencart.com/image/cache/catalog/demo/macbook_1-500x500.jpg]
[demo.opencart.com/image/cache/catalog/demo/macbook_5-500x500.jpg]
[demo.opencart.com/image/cache/catalog/demo/macbook_5-74x74.jpg]
[demo.opencart.com/image/cache/catalog/demo/macbook_4-500x500.jpg]
[demo.opencart.com/image/cache/catalog/demo/macbook_4-74x74.jpg]
[demo.opencart.com/image/cache/catalog/demo/macbook_2-500x500.jpg]
[demo.opencart.com/image/cache/catalog/demo/macbook_2-74x74.jpg]
[demo.opencart.com/image/cache/catalog/demo/macbook_3-500x500.jpg]
[demo.opencart.com/image/cache/catalog/demo/macbook_3-74x74.jpg]
[demo.opencart.com/index98fa.html]
[demo.opencart.com/indexd7fb.html]
[demo.opencart.com/indexb8ca.html]
[demo.opencart.com/image/cache/catalog/demo/iphone_1-500x500.jpg]
[demo.opencart.com/image/cache/catalog/demo/iphone_6-500x500.jpg]
[demo.opencart.com/image/cache/catalog/demo/iphone_6-74x74.jpg]
[demo.opencart.com/image/cache/catalog/demo/iphone_2-500x500.jpg]
[demo.opencart.com/image/cache/catalog/demo/iphone_2-74x74.jpg]
[demo.opencart.com/image/cache/catalog/demo/iphone_5-500x500.jpg]
[demo.opencart.com/image/cache/catalog/demo/iphone_5-74x74.jpg]
[demo.opencart.com/image/cache/catalog/demo/iphone_3-500x500.jpg]
[demo.opencart.com/image/cache/catalog/demo/iphone_3-74x74.jpg]
[demo.opencart.com/image/cache/catalog/demo/iphone_4-500x500.jpg]
[demo.opencart.com/image/cache/catalog/demo/iphone_4-74x74.jpg]
[demo.opencart.com/index0845.html]
[demo.opencart.com/index9144.html]
[demo.opencart.com/image/cache/catalog/demo/apple_cinema_30-500x500.jpg]
[demo.opencart.com/image/cache/catalog/demo/canon_logo-500x500.jpg]
[demo.opencart.com/image/cache/catalog/demo/canon_logo-74x74.jpg]
[demo.opencart.com/image/cache/catalog/demo/hp_1-500x500.jpg]
[demo.opencart.com/image/cache/catalog/demo/hp_1-74x74.jpg]
[demo.opencart.com/image/cache/catalog/demo/compaq_presario-500x500.jpg]
[demo.opencart.com/image/cache/catalog/demo/compaq_presario-74x74.jpg]
[demo.opencart.com/image/cache/catalog/demo/canon_eos_5d_1-500x500.jpg]
[demo.opencart.com/image/cache/catalog/demo/canon_eos_5d_1-74x74.jpg]
[demo.opencart.com/image/cache/catalog/demo/canon_eos_5d_2-500x500.jpg]
[demo.opencart.com/image/cache/catalog/demo/canon_eos_5d_2-74x74.jpg]
[demo.opencart.com/image/cache/catalog/demo/imac_1-200x200.jpg]
[demo.opencart.com/indexcae8.html]
[demo.opencart.com/index35eb.html]
[demo.opencart.com/indexbb02.html]
[demo.opencart.com/image/cache/catalog/demo/canon_eos_5d_3-500x500.jpg]
[demo.opencart.com/image/cache/catalog/demo/canon_eos_5d_3-74x74.jpg]
[demo.opencart.com/index74a7.html]
[demo.opencart.com/indexcd0a.html]
[demo.opencart.com/indexf073.html]
[demo.opencart.com/index8816.html]
[demo.opencart.com/index1766.html]
[demo.opencart.com/index1679.html]
[demo.opencart.com/index99e4.html]
[demo.opencart.com/index71ba.html]
[demo.opencart.com/index64b3.html]
[demo.opencart.com/index7cb2.html]
[demo.opencart.com/index54e6.html]
[demo.opencart.com/index5b2d.html]
[demo.opencart.com/index8be0.html]
[demo.opencart.com/indexd773.html]
[demo.opencart.com/index4dd2.html]
[demo.opencart.com/index5e06.html]
[demo.opencart.com/index3d18.html]
[demo.opencart.com/index4e76.html]
[demo.opencart.com/index492c.html]
[demo.opencart.com/indexaa19.html]
[demo.opencart.com/index7000.html]
[demo.opencart.com/index3bd7.html]
[demo.opencart.com/indexc3db.html]
[demo.opencart.com/index53a3.html]
[demo.opencart.com/index582d.html]
[demo.opencart.com/indexab6b.html]
[demo.opencart.com/index3584.html]
[demo.opencart.com/index637f.html]
[demo.opencart.com/index764b.html]
[demo.opencart.com/indexf110.html]
[demo.opencart.com/catalog/view/javascript/bootstrap/fonts/glyphicons-halflings-regular.html]
[demo.opencart.com/catalog/view/javascript/bootstrap/fonts/glyphicons-halflings-regular.svg]
[demo.opencart.com/catalog/view/javascript/font-awesome/fonts/fontawesome-webfont3e6e.html]
[demo.opencart.com/catalog/view/javascript/font-awesome/fonts/fontawesome-webfont3e6e.svg]
[demo.opencart.com/indexacda.html]
[demo.opencart.com/catalog/view/javascript/jquery/datetimepicker/bootstrap-datetimepicker.min.css]
[demo.opencart.com/index11ee.html]
[demo.opencart.com/index8bff.html]
[demo.opencart.com/indexe8d9.html]
[demo.opencart.com/indexba33.html]
[demo.opencart.com/indexc4f7.html]
[demo.opencart.com/index831b.html]
[demo.opencart.com/index676c.html]
[demo.opencart.com/indexa276.html]
[demo.opencart.com/indexee90.html]
[demo.opencart.com/index3861.html]
[demo.opencart.com/indexc78e.html]
[demo.opencart.com/indexf873.html]
[demo.opencart.com/index8872.html]
[demo.opencart.com/index4cee.html]
[demo.opencart.com/indexe69c.html]
[demo.opencart.com/index6431.html]
[demo.opencart.com/indexc9f5.html]
[demo.opencart.com/index3287.html]
[demo.opencart.com/indexf578.html]
[demo.opencart.com/indexb9bc.html]
[demo.opencart.com/index8bee.html]
[demo.opencart.com/indexc96c.html]
[demo.opencart.com/index9940.html]
[demo.opencart.com/indexeac3.html]
[demo.opencart.com/index1db8.html]
[demo.opencart.com/indexf7d9.html]
[demo.opencart.com/index29fe.html]
[demo.opencart.com/index29e6.html]
[demo.opencart.com/index551a.html]
[demo.opencart.com/indexb195.html]
[demo.opencart.com/index98c2.html]
[demo.opencart.com/indexd8fd.html]
[demo.opencart.com/index8c29.html]
[demo.opencart.com/indexe470.html]
[demo.opencart.com/index9a01.html]
[demo.opencart.com/index2043.html]
[demo.opencart.com/index3e99.html]
[demo.opencart.com/indexb659.html]
[demo.opencart.com/index5326.html]
[demo.opencart.com/indexe3dd.html]
[demo.opencart.com/index8115.html]
[demo.opencart.com/indexea69.html]
[demo.opencart.com/indexc766.html]
[demo.opencart.com/index3fe5.html]
[demo.opencart.com/index723f.html]
[demo.opencart.com/indexf047.html]
[demo.opencart.com/indexc49c.html]
[demo.opencart.com/index41aa.html]
[demo.opencart.com/index3e93.html]
[demo.opencart.com/indexa06a.html]
[demo.opencart.com/indexab0e.html]
[demo.opencart.com/index7270.html]
[demo.opencart.com/index5b66.html]
[demo.opencart.com/indexfa24.html]
[demo.opencart.com/index8a89.html]
[demo.opencart.com/index0f7d.html]
[demo.opencart.com/index3bfe.html]
[demo.opencart.com/index8a92.html]
[demo.opencart.com/index00c1.html]
[demo.opencart.com/index69eb.html]
[demo.opencart.com/index5f30.html]
[demo.opencart.com/indexa4aa.html]
[demo.opencart.com/index2be5.html]
[demo.opencart.com/indexaa5a.html]
[demo.opencart.com/index340b.html]
[demo.opencart.com/index6bd7.html]
[demo.opencart.com/indexa03c.html]
[demo.opencart.com/index9a4f.html]
[demo.opencart.com/indexb953.html]
[demo.opencart.com/indexa5ae.html]
[demo.opencart.com/index8e93.html]
[demo.opencart.com/index9c6c.html]
[demo.opencart.com/index0f50.html]
[demo.opencart.com/indexf053.html]
[demo.opencart.com/index545c.html]
[demo.opencart.com/indexebf3.html]
[demo.opencart.com/index8bbb.html]
[demo.opencart.com/index6f63.html]
[demo.opencart.com/index17bf.html]
[demo.opencart.com/index9bb0.html]
[demo.opencart.com/indexccba.html]
[demo.opencart.com/index4f81.html]
[demo.opencart.com/index3f41.html]
[demo.opencart.com/index8d24.html]
[demo.opencart.com/indexf470.html]
[demo.opencart.com/indexce1a.html]
[demo.opencart.com/index3569.html]
[demo.opencart.com/index608e.html]
[demo.opencart.com/index0027.html]
[demo.opencart.com/index322c.html]
[demo.opencart.com/index17cb.html]
[demo.opencart.com/indexeaa1.html]
[demo.opencart.com/indexa792.html]
[demo.opencart.com/index4c89.html]
[demo.opencart.com/index81a0.html]
[demo.opencart.com/indexb92e.html]
[demo.opencart.com/indexd723.html]
[demo.opencart.com/index2793.html]
[demo.opencart.com/index26fd.html]
[demo.opencart.com/index6cd5.html]
[demo.opencart.com/indexaad3.html]
[demo.opencart.com/indexf451.html]
[demo.opencart.com/index7e38.html]
[demo.opencart.com/indexbd7a.html]
[demo.opencart.com/indexfe17.html]
[demo.opencart.com/index909f.html]
[demo.opencart.com/index887a.html]
[demo.opencart.com/indexa01b.html]
[demo.opencart.com/indexe404.html]
[demo.opencart.com/index610b.html]
[demo.opencart.com/index73a0.html]
[demo.opencart.com/indexb9aa.html]
[demo.opencart.com/index841b.html]
[demo.opencart.com/indexeb49.html]
[demo.opencart.com/indexd992.html]
[demo.opencart.com/index20fd.html]
[demo.opencart.com/index4928.html]
[demo.opencart.com/indexab06.html]
[demo.opencart.com/index859f.html]
[demo.opencart.com/index01ec.html]
[demo.opencart.com/indexfc82.html]
[demo.opencart.com/index8cc5.html]
[demo.opencart.com/index13cb.html]
[demo.opencart.com/index0b4e.html]
[demo.opencart.com/index6d46.html]
[demo.opencart.com/index7704.html]
[demo.opencart.com/indexfe1a.html]
[demo.opencart.com/indexa6aa.html]
[demo.opencart.com/indexb92f.html]
[demo.opencart.com/index9848.html]
[demo.opencart.com/index205c.html]
[demo.opencart.com/index4309.html]
[demo.opencart.com/index0c60.html]
[demo.opencart.com/index5fb4.html]
[demo.opencart.com/indexc3cf.html]
[demo.opencart.com/index63c2.html]
[demo.opencart.com/index0a37.html]
[demo.opencart.com/indexa161.html]
[demo.opencart.com/indexcc0e.html]
[demo.opencart.com/indexc262.html]
[demo.opencart.com/index8e1e.html]
[demo.opencart.com/index103d.html]
[demo.opencart.com/index02c4.html]
[demo.opencart.com/indexc9f9.html]
[demo.opencart.com/index78cd.html]
[demo.opencart.com/indexcd20.html]
[demo.opencart.com/indexb6c0.html]
[demo.opencart.com/index840b.html]
[demo.opencart.com/index8743.html]
[demo.opencart.com/index84c9.html]
[demo.opencart.com/index740e.html]
[demo.opencart.com/index4088.html]
[demo.opencart.com/index32a5.html]
[demo.opencart.com/index0313.html]
[demo.opencart.com/index74e5.html]
[demo.opencart.com/indexfe47.html]
[demo.opencart.com/indexe9dd.html]
[demo.opencart.com/index231d.html]
[demo.opencart.com/index3578.html]
[demo.opencart.com/index0c37.html]
[demo.opencart.com/index56d8.html]
[demo.opencart.com/index4d71.html]
[demo.opencart.com/index1411.html]
[demo.opencart.com/index4440.html]
[demo.opencart.com/index084e.html]
[demo.opencart.com/indexbd8e.html]
[demo.opencart.com/indexd592.html]
[demo.opencart.com/indexdce4.html]
[demo.opencart.com/index8b28.html]
[demo.opencart.com/index6de0.html]
[demo.opencart.com/index9921.html]
[demo.opencart.com/index80bb.html]
[demo.opencart.com/index9e37.html]
[demo.opencart.com/index6d0a.html]
[demo.opencart.com/index170e.html]
[demo.opencart.com/index2be6.html]
[demo.opencart.com/indexbffb.html]
[demo.opencart.com/indexfb67.html]
[demo.opencart.com/index9f88.html]
[demo.opencart.com/indexc5ab.html]
[demo.opencart.com/index1e3e.html]
[demo.opencart.com/indexbd00.html]
[demo.opencart.com/index9566.html]
[demo.opencart.com/indexcf68.html]
[demo.opencart.com/indexad85.html]
[demo.opencart.com/index4306.html]
[demo.opencart.com/indexea99.html]
[demo.opencart.com/index5b3d.html]
[demo.opencart.com/indexc601.html]
[demo.opencart.com/indexcfe5.html]
[demo.opencart.com/indexfafa.html]
[demo.opencart.com/indexeae6.html]
[demo.opencart.com/index69a0.html]
[demo.opencart.com/index1800.html]
[demo.opencart.com/index0ec1.html]
[demo.opencart.com/indexd467.html]
[demo.opencart.com/indexf175.html]
[demo.opencart.com/index28a2.html]
[demo.opencart.com/index0f4d.html]
[demo.opencart.com/indexb329.html]
[demo.opencart.com/index714c.html]
[demo.opencart.com/indexb9b4.html]
[demo.opencart.com/index81cb.html]
[demo.opencart.com/index81d2.html]
[demo.opencart.com/indexd056.html]
[demo.opencart.com/index4516.html]
[demo.opencart.com/indexc7ff.html]
[demo.opencart.com/indexcc97.html]
[demo.opencart.com/indexccf6.html]
[demo.opencart.com/indexccd5.html]
[demo.opencart.com/index2f71.html]
[demo.opencart.com/index0217.html]
[demo.opencart.com/indexdf98.html]
[demo.opencart.com/indexef58.html]
[demo.opencart.com/index2f6c.html]
[demo.opencart.com/index3765.html]
[demo.opencart.com/index286f.html]
[demo.opencart.com/indexabf4.html]
[demo.opencart.com/catalog/view/javascript/jquery/magnific/magnific-popup.css]
[demo.opencart.com/index3d7a.html]
[demo.opencart.com/indexa4c1.html]
[demo.opencart.com/index98fa.html]
[demo.opencart.com/indexd7fb.html]
[demo.opencart.com/index0845.html]
[demo.opencart.com/indexcae8.html]
[demo.opencart.com/index35eb.html]
[demo.opencart.com/index74a7.html]
[demo.opencart.com/indexcd0a.html]
[demo.opencart.com/index64b3.html]
[demo.opencart.com/index54e6.html]
[demo.opencart.com/index5b2d.html]
[demo.opencart.com/index8be0.html]
[demo.opencart.com/index5e06.html]
[demo.opencart.com/index4e76.html]
[demo.opencart.com/index492c.html]
[demo.opencart.com/indexaa19.html]
[demo.opencart.com/index7000.html]
[demo.opencart.com/index3bd7.html]
[demo.opencart.com/indexc3db.html]
[demo.opencart.com/index53a3.html]
[demo.opencart.com/index582d.html]
[demo.opencart.com/indexab6b.html]
[demo.opencart.com/index3584.html]
[demo.opencart.com/index637f.html]
[demo.opencart.com/index764b.html]
[demo.opencart.com/index8bff.html]
[demo.opencart.com/indexe8d9.html]
[demo.opencart.com/indexba33.html]
[demo.opencart.com/indexc4f7.html]
[demo.opencart.com/index831b.html]
[demo.opencart.com/index676c.html]
[demo.opencart.com/indexa276.html]
[demo.opencart.com/indexee90.html]
[demo.opencart.com/index3861.html]
[demo.opencart.com/indexc78e.html]
[demo.opencart.com/indexf873.html]
[demo.opencart.com/index8872.html]
[demo.opencart.com/index4cee.html]
[demo.opencart.com/indexc9f5.html]
[demo.opencart.com/index3287.html]
[demo.opencart.com/indexf578.html]
[demo.opencart.com/indexb9bc.html]
[demo.opencart.com/index8bee.html]
[demo.opencart.com/indexc96c.html]
[demo.opencart.com/index9940.html]
[demo.opencart.com/indexeac3.html]
[demo.opencart.com/index1db8.html]
[demo.opencart.com/indexf7d9.html]
[demo.opencart.com/index29fe.html]
[demo.opencart.com/index29e6.html]
[demo.opencart.com/index85e2.html]
[demo.opencart.com/index551a.html]
[demo.opencart.com/indexb195.html]
[demo.opencart.com/index98c2.html]
[demo.opencart.com/indexd8fd.html]
[demo.opencart.com/index8c29.html]
[demo.opencart.com/indexe470.html]
[demo.opencart.com/index2043.html]
[demo.opencart.com/index3e99.html]
[demo.opencart.com/indexb659.html]
[demo.opencart.com/index5326.html]
[demo.opencart.com/indexe3dd.html]
[demo.opencart.com/index8115.html]
[demo.opencart.com/indexea69.html]
[demo.opencart.com/indexc766.html]
[demo.opencart.com/index3fe5.html]
[demo.opencart.com/index723f.html]
[demo.opencart.com/indexf047.html]
[demo.opencart.com/indexc49c.html]
[demo.opencart.com/index41aa.html]
[demo.opencart.com/index3e93.html]
[demo.opencart.com/indexa06a.html]
[demo.opencart.com/indexab0e.html]
[demo.opencart.com/index7270.html]
[demo.opencart.com/indexfa24.html]
[demo.opencart.com/index8a89.html]
[demo.opencart.com/index0f7d.html]
[demo.opencart.com/index3bfe.html]
[demo.opencart.com/index8a92.html]
[demo.opencart.com/index00c1.html]
[demo.opencart.com/index69eb.html]
[demo.opencart.com/index5f30.html]
[demo.opencart.com/indexa4aa.html]
[demo.opencart.com/index2be5.html]
[demo.opencart.com/indexaa5a.html]
[demo.opencart.com/index340b.html]
[demo.opencart.com/index85e2.html]
[demo.opencart.com/index1e1c.html]
